[debug] [2025-05-02T06:08:26.605Z] ----------------------------------------------------------------------
[debug] [2025-05-02T06:08:26.606Z] Command:       /opt/homebrew/Cellar/node/23.10.0_1/bin/node /Users/junior/.npm-global/bin/firebase deploy --only functions
[debug] [2025-05-02T06:08:26.606Z] CLI Version:   14.2.2
[debug] [2025-05-02T06:08:26.606Z] Platform:      darwin
[debug] [2025-05-02T06:08:26.606Z] Node Version:  v23.10.0
[debug] [2025-05-02T06:08:26.607Z] Time:          Fri May 02 2025 02:08:26 GMT-0400 (Eastern Daylight Time)
[debug] [2025-05-02T06:08:26.607Z] ----------------------------------------------------------------------
[debug] 
[debug] [2025-05-02T06:08:26.670Z] > command requires scopes: ["email","openid","https://www.googleapis.com/auth/cloudplatformprojects.readonly","https://www.googleapis.com/auth/firebase","https://www.googleapis.com/auth/cloud-platform"]
[debug] [2025-05-02T06:08:26.670Z] > authorizing via signed-in user (kdoyle@infinitumimagery.com)
[debug] [2025-05-02T06:08:26.670Z] [iam] checking project live-match---matchmaking for permissions ["cloudfunctions.functions.create","cloudfunctions.functions.delete","cloudfunctions.functions.get","cloudfunctions.functions.list","cloudfunctions.functions.update","cloudfunctions.operations.get","firebase.projects.get"]
[debug] [2025-05-02T06:08:26.670Z] Checked if tokens are valid: true, expires at: 1746167487262
[debug] [2025-05-02T06:08:26.670Z] Checked if tokens are valid: true, expires at: 1746167487262
[debug] [2025-05-02T06:08:26.670Z] >>> [apiv2][query] POST https://cloudresourcemanager.googleapis.com/v1/projects/live-match---matchmaking:testIamPermissions [none]
[debug] [2025-05-02T06:08:26.671Z] >>> [apiv2][(partial)header] POST https://cloudresourcemanager.googleapis.com/v1/projects/live-match---matchmaking:testIamPermissions x-goog-quota-user=projects/live-match---matchmaking
[debug] [2025-05-02T06:08:26.671Z] >>> [apiv2][body] POST https://cloudresourcemanager.googleapis.com/v1/projects/live-match---matchmaking:testIamPermissions {"permissions":["cloudfunctions.functions.create","cloudfunctions.functions.delete","cloudfunctions.functions.get","cloudfunctions.functions.list","cloudfunctions.functions.update","cloudfunctions.operations.get","firebase.projects.get"]}
[debug] [2025-05-02T06:08:26.955Z] <<< [apiv2][status] POST https://cloudresourcemanager.googleapis.com/v1/projects/live-match---matchmaking:testIamPermissions 200
[debug] [2025-05-02T06:08:26.955Z] <<< [apiv2][body] POST https://cloudresourcemanager.googleapis.com/v1/projects/live-match---matchmaking:testIamPermissions {"permissions":["cloudfunctions.functions.create","cloudfunctions.functions.delete","cloudfunctions.functions.get","cloudfunctions.functions.list","cloudfunctions.functions.update","cloudfunctions.operations.get","firebase.projects.get"]}
[debug] [2025-05-02T06:08:26.955Z] Checked if tokens are valid: true, expires at: 1746167487262
[debug] [2025-05-02T06:08:26.955Z] Checked if tokens are valid: true, expires at: 1746167487262
[debug] [2025-05-02T06:08:26.955Z] >>> [apiv2][query] POST https://iam.googleapis.com/v1/projects/live-match---matchmaking/serviceAccounts/live-match---matchmaking@appspot.gserviceaccount.com:testIamPermissions [none]
[debug] [2025-05-02T06:08:26.955Z] >>> [apiv2][body] POST https://iam.googleapis.com/v1/projects/live-match---matchmaking/serviceAccounts/live-match---matchmaking@appspot.gserviceaccount.com:testIamPermissions {"permissions":["iam.serviceAccounts.actAs"]}
[debug] [2025-05-02T06:08:27.224Z] <<< [apiv2][status] POST https://iam.googleapis.com/v1/projects/live-match---matchmaking/serviceAccounts/live-match---matchmaking@appspot.gserviceaccount.com:testIamPermissions 200
[debug] [2025-05-02T06:08:27.224Z] <<< [apiv2][body] POST https://iam.googleapis.com/v1/projects/live-match---matchmaking/serviceAccounts/live-match---matchmaking@appspot.gserviceaccount.com:testIamPermissions {"permissions":["iam.serviceAccounts.actAs"]}
[info] 
[info] === Deploying to 'live-match---matchmaking'...
[info] 
[info] i  deploying functions 
[info] Running command: npm --prefix "$RESOURCE_DIR" run lint
[info] ✔  functions: Finished running predeploy script. 
[debug] [2025-05-02T06:08:27.861Z] Checked if tokens are valid: true, expires at: 1746167487262
[debug] [2025-05-02T06:08:27.861Z] Checked if tokens are valid: true, expires at: 1746167487262
[debug] [2025-05-02T06:08:27.861Z] >>> [apiv2][query] GET https://cloudresourcemanager.googleapis.com/v1/projects/live-match---matchmaking [none]
[debug] [2025-05-02T06:08:28.124Z] <<< [apiv2][status] GET https://cloudresourcemanager.googleapis.com/v1/projects/live-match---matchmaking 200
[debug] [2025-05-02T06:08:28.124Z] <<< [apiv2][body] GET https://cloudresourcemanager.googleapis.com/v1/projects/live-match---matchmaking {"projectNumber":"615425120469","projectId":"live-match---matchmaking","lifecycleState":"ACTIVE","name":"LIVE Match - Matchmaking","labels":{"firebase":"enabled","firebase-core":"disabled"},"createTime":"2025-01-28T17:18:20.316292Z","parent":{"type":"organization","id":"74065209691"}}
[info] i  functions: preparing codebase default for deployment 
[info] i  functions: ensuring required API cloudfunctions.googleapis.com is enabled... 
[debug] [2025-05-02T06:08:28.125Z] Checked if tokens are valid: true, expires at: 1746167487262
[debug] [2025-05-02T06:08:28.125Z] Checked if tokens are valid: true, expires at: 1746167487262
[debug] [2025-05-02T06:08:28.125Z] Checked if tokens are valid: true, expires at: 1746167487262
[debug] [2025-05-02T06:08:28.125Z] Checked if tokens are valid: true, expires at: 1746167487262
[info] i  functions: ensuring required API cloudbuild.googleapis.com is enabled... 
[debug] [2025-05-02T06:08:28.125Z] Checked if tokens are valid: true, expires at: 1746167487262
[debug] [2025-05-02T06:08:28.125Z] Checked if tokens are valid: true, expires at: 1746167487262
[info] i  artifactregistry: ensuring required API artifactregistry.googleapis.com is enabled... 
[debug] [2025-05-02T06:08:28.125Z] Checked if tokens are valid: true, expires at: 1746167487262
[debug] [2025-05-02T06:08:28.125Z] Checked if tokens are valid: true, expires at: 1746167487262
[debug] [2025-05-02T06:08:28.125Z] >>> [apiv2][query] GET https://serviceusage.googleapis.com/v1/projects/live-match---matchmaking/services/cloudfunctions.googleapis.com [none]
[debug] [2025-05-02T06:08:28.125Z] >>> [apiv2][(partial)header] GET https://serviceusage.googleapis.com/v1/projects/live-match---matchmaking/services/cloudfunctions.googleapis.com x-goog-quota-user=projects/live-match---matchmaking
[debug] [2025-05-02T06:08:28.126Z] >>> [apiv2][query] GET https://serviceusage.googleapis.com/v1/projects/live-match---matchmaking/services/runtimeconfig.googleapis.com [none]
[debug] [2025-05-02T06:08:28.126Z] >>> [apiv2][(partial)header] GET https://serviceusage.googleapis.com/v1/projects/live-match---matchmaking/services/runtimeconfig.googleapis.com x-goog-quota-user=projects/live-match---matchmaking
[debug] [2025-05-02T06:08:28.126Z] >>> [apiv2][query] GET https://serviceusage.googleapis.com/v1/projects/live-match---matchmaking/services/cloudbuild.googleapis.com [none]
[debug] [2025-05-02T06:08:28.126Z] >>> [apiv2][(partial)header] GET https://serviceusage.googleapis.com/v1/projects/live-match---matchmaking/services/cloudbuild.googleapis.com x-goog-quota-user=projects/live-match---matchmaking
[debug] [2025-05-02T06:08:28.127Z] >>> [apiv2][query] GET https://serviceusage.googleapis.com/v1/projects/live-match---matchmaking/services/artifactregistry.googleapis.com [none]
[debug] [2025-05-02T06:08:28.127Z] >>> [apiv2][(partial)header] GET https://serviceusage.googleapis.com/v1/projects/live-match---matchmaking/services/artifactregistry.googleapis.com x-goog-quota-user=projects/live-match---matchmaking
[debug] [2025-05-02T06:08:28.583Z] <<< [apiv2][status] GET https://serviceusage.googleapis.com/v1/projects/live-match---matchmaking/services/cloudfunctions.googleapis.com 200
[debug] [2025-05-02T06:08:28.583Z] <<< [apiv2][body] GET https://serviceusage.googleapis.com/v1/projects/live-match---matchmaking/services/cloudfunctions.googleapis.com [omitted]
[info] ✔  functions: required API cloudfunctions.googleapis.com is enabled 
[debug] [2025-05-02T06:08:28.585Z] <<< [apiv2][status] GET https://serviceusage.googleapis.com/v1/projects/live-match---matchmaking/services/runtimeconfig.googleapis.com 200
[debug] [2025-05-02T06:08:28.585Z] <<< [apiv2][body] GET https://serviceusage.googleapis.com/v1/projects/live-match---matchmaking/services/runtimeconfig.googleapis.com [omitted]
[debug] [2025-05-02T06:08:28.605Z] <<< [apiv2][status] GET https://serviceusage.googleapis.com/v1/projects/live-match---matchmaking/services/cloudbuild.googleapis.com 200
[debug] [2025-05-02T06:08:28.605Z] <<< [apiv2][body] GET https://serviceusage.googleapis.com/v1/projects/live-match---matchmaking/services/cloudbuild.googleapis.com [omitted]
[info] ✔  functions: required API cloudbuild.googleapis.com is enabled 
[debug] [2025-05-02T06:08:28.608Z] <<< [apiv2][status] GET https://serviceusage.googleapis.com/v1/projects/live-match---matchmaking/services/artifactregistry.googleapis.com 200
[debug] [2025-05-02T06:08:28.608Z] <<< [apiv2][body] GET https://serviceusage.googleapis.com/v1/projects/live-match---matchmaking/services/artifactregistry.googleapis.com [omitted]
[info] ✔  artifactregistry: required API artifactregistry.googleapis.com is enabled 
[debug] [2025-05-02T06:08:28.609Z] Checked if tokens are valid: true, expires at: 1746167487262
[debug] [2025-05-02T06:08:28.609Z] Checked if tokens are valid: true, expires at: 1746167487262
[debug] [2025-05-02T06:08:28.609Z] >>> [apiv2][query] GET https://firebase.googleapis.com/v1beta1/projects/live-match---matchmaking/adminSdkConfig [none]
[debug] [2025-05-02T06:08:29.073Z] <<< [apiv2][status] GET https://firebase.googleapis.com/v1beta1/projects/live-match---matchmaking/adminSdkConfig 200
[debug] [2025-05-02T06:08:29.073Z] <<< [apiv2][body] GET https://firebase.googleapis.com/v1beta1/projects/live-match---matchmaking/adminSdkConfig {"projectId":"live-match---matchmaking","databaseURL":"https://live-match---matchmaking-default-rtdb.firebaseio.com","storageBucket":"live-match---matchmaking.firebasestorage.app"}
[debug] [2025-05-02T06:08:29.073Z] Checked if tokens are valid: true, expires at: 1746167487262
[debug] [2025-05-02T06:08:29.073Z] Checked if tokens are valid: true, expires at: 1746167487262
[debug] [2025-05-02T06:08:29.074Z] >>> [apiv2][query] GET https://runtimeconfig.googleapis.com/v1beta1/projects/live-match---matchmaking/configs [none]
[debug] [2025-05-02T06:08:29.316Z] <<< [apiv2][status] GET https://runtimeconfig.googleapis.com/v1beta1/projects/live-match---matchmaking/configs 200
[debug] [2025-05-02T06:08:29.316Z] <<< [apiv2][body] GET https://runtimeconfig.googleapis.com/v1beta1/projects/live-match---matchmaking/configs {}
[debug] [2025-05-02T06:08:29.317Z] Validating nodejs source
[debug] [2025-05-02T06:08:29.761Z] > [functions] package.json contents: {
  "name": "functions",
  "description": "Cloud Functions for Firebase",
  "scripts": {
    "lint": "eslint .",
    "serve": "firebase emulators:start --only functions",
    "shell": "firebase functions:shell",
    "start": "npm run shell",
    "deploy": "firebase deploy --only functions",
    "logs": "firebase functions:log"
  },
  "engines": {
    "node": "22"
  },
  "main": "index.js",
  "dependencies": {
    "cors": "^2.8.5",
    "express": "^5.1.0",
    "express-rate-limit": "^7.5.0",
    "firebase-admin": "^12.7.0",
    "firebase-functions": "^6.0.1"
  },
  "devDependencies": {
    "eslint": "^8.15.0",
    "eslint-config-google": "^0.14.0",
    "firebase-functions-test": "^3.1.0"
  },
  "private": true
}
[debug] [2025-05-02T06:08:29.761Z] Building nodejs source
[info] i  functions: Loading and analyzing source code for codebase default to determine what to deploy 
[debug] [2025-05-02T06:08:29.762Z] Could not find functions.yaml. Must use http discovery
[debug] [2025-05-02T06:08:29.768Z] Found firebase-functions binary at '/Users/junior/Desktop/Coding/LiveMatchScheduling/functions/node_modules/.bin/firebase-functions'
[info] Serving at port 8696

[debug] [2025-05-02T06:08:29.890Z] Got response from /__/functions.yaml {"endpoints":{"health":{"availableMemoryMb":256,"timeoutSeconds":null,"minInstances":null,"maxInstances":2,"ingressSettings":null,"concurrency":null,"serviceAccountEmail":null,"vpc":null,"platform":"gcfv2","region":["us-central1"],"labels":{},"httpsTrigger":{},"entryPoint":"health"},"getMatches":{"availableMemoryMb":256,"timeoutSeconds":null,"minInstances":null,"maxInstances":2,"ingressSettings":null,"concurrency":null,"serviceAccountEmail":null,"vpc":null,"platform":"gcfv2","region":["us-central1"],"labels":{},"httpsTrigger":{},"entryPoint":"getMatches"},"updateMatch":{"availableMemoryMb":256,"timeoutSeconds":null,"minInstances":null,"maxInstances":2,"ingressSettings":null,"concurrency":null,"serviceAccountEmail":null,"vpc":null,"platform":"gcfv2","region":["us-central1"],"labels":{},"httpsTrigger":{},"entryPoint":"updateMatch"},"getTournaments":{"availableMemoryMb":256,"timeoutSeconds":null,"minInstances":null,"maxInstances":2,"ingressSettings":null,"concurrency":null,"serviceAccountEmail":null,"vpc":null,"platform":"gcfv2","region":["us-central1"],"labels":{},"httpsTrigger":{},"entryPoint":"getTournaments"},"createTournament":{"availableMemoryMb":256,"timeoutSeconds":null,"minInstances":null,"maxInstances":2,"ingressSettings":null,"concurrency":null,"serviceAccountEmail":null,"vpc":null,"platform":"gcfv2","region":["us-central1"],"labels":{},"httpsTrigger":{},"entryPoint":"createTournament"},"joinTournament":{"availableMemoryMb":256,"timeoutSeconds":null,"minInstances":null,"maxInstances":2,"ingressSettings":null,"concurrency":null,"serviceAccountEmail":null,"vpc":null,"platform":"gcfv2","region":["us-central1"],"labels":{},"httpsTrigger":{},"entryPoint":"joinTournament"}},"specVersion":"v1alpha1","requiredAPIs":[],"extensions":{}}
[info] i  extensions: ensuring required API firebaseextensions.googleapis.com is enabled... 
[debug] [2025-05-02T06:08:33.908Z] Checked if tokens are valid: true, expires at: 1746167487262
[debug] [2025-05-02T06:08:33.908Z] Checked if tokens are valid: true, expires at: 1746167487262
[debug] [2025-05-02T06:08:33.908Z] >>> [apiv2][query] GET https://serviceusage.googleapis.com/v1/projects/live-match---matchmaking/services/firebaseextensions.googleapis.com [none]
[debug] [2025-05-02T06:08:33.908Z] >>> [apiv2][(partial)header] GET https://serviceusage.googleapis.com/v1/projects/live-match---matchmaking/services/firebaseextensions.googleapis.com x-goog-quota-user=projects/live-match---matchmaking
[debug] [2025-05-02T06:08:34.370Z] <<< [apiv2][status] GET https://serviceusage.googleapis.com/v1/projects/live-match---matchmaking/services/firebaseextensions.googleapis.com 200
[debug] [2025-05-02T06:08:34.371Z] <<< [apiv2][body] GET https://serviceusage.googleapis.com/v1/projects/live-match---matchmaking/services/firebaseextensions.googleapis.com [omitted]
[info] ✔  extensions: required API firebaseextensions.googleapis.com is enabled 
[debug] [2025-05-02T06:08:34.371Z] > command requires scopes: ["email","openid","https://www.googleapis.com/auth/cloudplatformprojects.readonly","https://www.googleapis.com/auth/firebase","https://www.googleapis.com/auth/cloud-platform"]
[debug] [2025-05-02T06:08:34.372Z] > authorizing via signed-in user (kdoyle@infinitumimagery.com)
[debug] [2025-05-02T06:08:34.372Z] [iam] checking project live-match---matchmaking for permissions ["firebase.projects.get","firebaseextensions.instances.list"]
[debug] [2025-05-02T06:08:34.372Z] Checked if tokens are valid: true, expires at: 1746167487262
[debug] [2025-05-02T06:08:34.372Z] Checked if tokens are valid: true, expires at: 1746167487262
[debug] [2025-05-02T06:08:34.372Z] >>> [apiv2][query] POST https://cloudresourcemanager.googleapis.com/v1/projects/live-match---matchmaking:testIamPermissions [none]
[debug] [2025-05-02T06:08:34.372Z] >>> [apiv2][(partial)header] POST https://cloudresourcemanager.googleapis.com/v1/projects/live-match---matchmaking:testIamPermissions x-goog-quota-user=projects/live-match---matchmaking
[debug] [2025-05-02T06:08:34.372Z] >>> [apiv2][body] POST https://cloudresourcemanager.googleapis.com/v1/projects/live-match---matchmaking:testIamPermissions {"permissions":["firebase.projects.get","firebaseextensions.instances.list"]}
[debug] [2025-05-02T06:08:34.640Z] <<< [apiv2][status] POST https://cloudresourcemanager.googleapis.com/v1/projects/live-match---matchmaking:testIamPermissions 200
[debug] [2025-05-02T06:08:34.640Z] <<< [apiv2][body] POST https://cloudresourcemanager.googleapis.com/v1/projects/live-match---matchmaking:testIamPermissions {"permissions":["firebase.projects.get","firebaseextensions.instances.list"]}
[debug] [2025-05-02T06:08:34.640Z] Checked if tokens are valid: true, expires at: 1746167487262
[debug] [2025-05-02T06:08:34.640Z] Checked if tokens are valid: true, expires at: 1746167487262
[debug] [2025-05-02T06:08:34.641Z] >>> [apiv2][query] GET https://firebaseextensions.googleapis.com/v1beta/projects/live-match---matchmaking/instances pageSize=100&pageToken=
[debug] [2025-05-02T06:08:35.188Z] <<< [apiv2][status] GET https://firebaseextensions.googleapis.com/v1beta/projects/live-match---matchmaking/instances 200
[debug] [2025-05-02T06:08:35.189Z] <<< [apiv2][body] GET https://firebaseextensions.googleapis.com/v1beta/projects/live-match---matchmaking/instances {}
[info] i  functions: preparing functions directory for uploading... 
[info] i  functions: packaged /Users/junior/Desktop/Coding/LiveMatchScheduling/functions (75.77 KB) for uploading 
[debug] [2025-05-02T06:08:35.208Z] Checked if tokens are valid: true, expires at: 1746167487262
[debug] [2025-05-02T06:08:35.208Z] Checked if tokens are valid: true, expires at: 1746167487262
[debug] [2025-05-02T06:08:35.208Z] >>> [apiv2][query] GET https://cloudfunctions.googleapis.com/v1/projects/live-match---matchmaking/locations/-/functions [none]
[debug] [2025-05-02T06:08:35.984Z] <<< [apiv2][status] GET https://cloudfunctions.googleapis.com/v1/projects/live-match---matchmaking/locations/-/functions 200
[debug] [2025-05-02T06:08:35.984Z] <<< [apiv2][body] GET https://cloudfunctions.googleapis.com/v1/projects/live-match---matchmaking/locations/-/functions {}
[debug] [2025-05-02T06:08:35.984Z] Checked if tokens are valid: true, expires at: 1746167487262
[debug] [2025-05-02T06:08:35.984Z] Checked if tokens are valid: true, expires at: 1746167487262
[debug] [2025-05-02T06:08:35.984Z] >>> [apiv2][query] GET https://cloudfunctions.googleapis.com/v2/projects/live-match---matchmaking/locations/-/functions filter=environment%3D%22GEN_2%22
[debug] [2025-05-02T06:08:36.495Z] <<< [apiv2][status] GET https://cloudfunctions.googleapis.com/v2/projects/live-match---matchmaking/locations/-/functions 200
[debug] [2025-05-02T06:08:36.496Z] <<< [apiv2][body] GET https://cloudfunctions.googleapis.com/v2/projects/live-match---matchmaking/locations/-/functions {"functions":[{"name":"projects/live-match---matchmaking/locations/us-central1/functions/api","buildConfig":{"build":"projects/615425120469/locations/us-central1/builds/0f1fc63a-8065-4845-bd31-b65c4b4b9f24","runtime":"nodejs22","entryPoint":"api","source":{"storageSource":{"bucket":"gcf-v2-sources-615425120469-us-central1","object":"api/function-source.zip","generation":"1746164994214296"}},"environmentVariables":{"GOOGLE_NODE_RUN_SCRIPTS":""},"dockerRepository":"projects/live-match---matchmaking/locations/us-central1/repositories/gcf-artifacts","sourceProvenance":{"resolvedStorageSource":{"bucket":"gcf-v2-sources-615425120469-us-central1","object":"api/function-source.zip","generation":"1746164994214296"}},"dockerRegistry":"ARTIFACT_REGISTRY","serviceAccount":"projects/live-match---matchmaking/serviceAccounts/615425120469-compute@developer.gserviceaccount.com","automaticUpdatePolicy":{}},"serviceConfig":{"service":"projects/live-match---matchmaking/locations/us-central1/services/api","timeoutSeconds":30,"environmentVariables":{"FIREBASE_CONFIG":"{\"projectId\":\"live-match---matchmaking\",\"databaseURL\":\"https://live-match---matchmaking-default-rtdb.firebaseio.com\",\"storageBucket\":\"live-match---matchmaking.firebasestorage.app\"}","GCLOUD_PROJECT":"live-match---matchmaking","EVENTARC_CLOUD_EVENT_SOURCE":"projects/live-match---matchmaking/locations/us-central1/services/api","FUNCTION_TARGET":"api","LOG_EXECUTION_ID":"true"},"maxInstanceCount":2,"ingressSettings":"ALLOW_ALL","uri":"https://api-phf7svacba-uc.a.run.app","serviceAccountEmail":"615425120469-compute@developer.gserviceaccount.com","availableMemory":"256Mi","allTrafficOnLatestRevision":true,"revision":"api-00005-kez","maxInstanceRequestConcurrency":80,"availableCpu":"1"},"state":"ACTIVE","updateTime":"2025-05-02T05:51:27.945947285Z","labels":{"deployment-tool":"cli-firebase","firebase-functions-hash":"4a65536fd42ad9dc39602af55268cff7b09a90d7"},"environment":"GEN_2","url":"https://us-central1-live-match---matchmaking.cloudfunctions.net/api","createTime":"2025-05-02T05:37:47.698593152Z","satisfiesPzi":true}]}
[info] i  functions: ensuring required API run.googleapis.com is enabled... 
[debug] [2025-05-02T06:08:36.499Z] Checked if tokens are valid: true, expires at: 1746167487262
[debug] [2025-05-02T06:08:36.499Z] Checked if tokens are valid: true, expires at: 1746167487262
[info] i  functions: ensuring required API eventarc.googleapis.com is enabled... 
[debug] [2025-05-02T06:08:36.499Z] Checked if tokens are valid: true, expires at: 1746167487262
[debug] [2025-05-02T06:08:36.499Z] Checked if tokens are valid: true, expires at: 1746167487262
[info] i  functions: ensuring required API pubsub.googleapis.com is enabled... 
[debug] [2025-05-02T06:08:36.499Z] Checked if tokens are valid: true, expires at: 1746167487262
[debug] [2025-05-02T06:08:36.499Z] Checked if tokens are valid: true, expires at: 1746167487262
[info] i  functions: ensuring required API storage.googleapis.com is enabled... 
[debug] [2025-05-02T06:08:36.500Z] Checked if tokens are valid: true, expires at: 1746167487262
[debug] [2025-05-02T06:08:36.500Z] Checked if tokens are valid: true, expires at: 1746167487262
[debug] [2025-05-02T06:08:36.500Z] >>> [apiv2][query] GET https://serviceusage.googleapis.com/v1/projects/live-match---matchmaking/services/run.googleapis.com [none]
[debug] [2025-05-02T06:08:36.500Z] >>> [apiv2][(partial)header] GET https://serviceusage.googleapis.com/v1/projects/live-match---matchmaking/services/run.googleapis.com x-goog-quota-user=projects/live-match---matchmaking
[debug] [2025-05-02T06:08:36.500Z] >>> [apiv2][query] GET https://serviceusage.googleapis.com/v1/projects/live-match---matchmaking/services/eventarc.googleapis.com [none]
[debug] [2025-05-02T06:08:36.500Z] >>> [apiv2][(partial)header] GET https://serviceusage.googleapis.com/v1/projects/live-match---matchmaking/services/eventarc.googleapis.com x-goog-quota-user=projects/live-match---matchmaking
[debug] [2025-05-02T06:08:36.502Z] >>> [apiv2][query] GET https://serviceusage.googleapis.com/v1/projects/live-match---matchmaking/services/pubsub.googleapis.com [none]
[debug] [2025-05-02T06:08:36.502Z] >>> [apiv2][(partial)header] GET https://serviceusage.googleapis.com/v1/projects/live-match---matchmaking/services/pubsub.googleapis.com x-goog-quota-user=projects/live-match---matchmaking
[debug] [2025-05-02T06:08:36.502Z] >>> [apiv2][query] GET https://serviceusage.googleapis.com/v1/projects/live-match---matchmaking/services/storage.googleapis.com [none]
[debug] [2025-05-02T06:08:36.502Z] >>> [apiv2][(partial)header] GET https://serviceusage.googleapis.com/v1/projects/live-match---matchmaking/services/storage.googleapis.com x-goog-quota-user=projects/live-match---matchmaking
[debug] [2025-05-02T06:08:36.761Z] <<< [apiv2][status] GET https://serviceusage.googleapis.com/v1/projects/live-match---matchmaking/services/run.googleapis.com 200
[debug] [2025-05-02T06:08:36.761Z] <<< [apiv2][body] GET https://serviceusage.googleapis.com/v1/projects/live-match---matchmaking/services/run.googleapis.com [omitted]
[info] ✔  functions: required API run.googleapis.com is enabled 
[debug] [2025-05-02T06:08:36.916Z] <<< [apiv2][status] GET https://serviceusage.googleapis.com/v1/projects/live-match---matchmaking/services/eventarc.googleapis.com 200
[debug] [2025-05-02T06:08:36.916Z] <<< [apiv2][body] GET https://serviceusage.googleapis.com/v1/projects/live-match---matchmaking/services/eventarc.googleapis.com [omitted]
[info] ✔  functions: required API eventarc.googleapis.com is enabled 
[debug] [2025-05-02T06:08:36.986Z] <<< [apiv2][status] GET https://serviceusage.googleapis.com/v1/projects/live-match---matchmaking/services/pubsub.googleapis.com 200
[debug] [2025-05-02T06:08:36.986Z] <<< [apiv2][body] GET https://serviceusage.googleapis.com/v1/projects/live-match---matchmaking/services/pubsub.googleapis.com [omitted]
[info] ✔  functions: required API pubsub.googleapis.com is enabled 
[debug] [2025-05-02T06:08:37.007Z] <<< [apiv2][status] GET https://serviceusage.googleapis.com/v1/projects/live-match---matchmaking/services/storage.googleapis.com 200
[debug] [2025-05-02T06:08:37.007Z] <<< [apiv2][body] GET https://serviceusage.googleapis.com/v1/projects/live-match---matchmaking/services/storage.googleapis.com [omitted]
[info] ✔  functions: required API storage.googleapis.com is enabled 
[info] i  functions: generating the service identity for pubsub.googleapis.com... 
[debug] [2025-05-02T06:08:37.008Z] Checked if tokens are valid: true, expires at: 1746167487262
[debug] [2025-05-02T06:08:37.008Z] Checked if tokens are valid: true, expires at: 1746167487262
[info] i  functions: generating the service identity for eventarc.googleapis.com... 
[debug] [2025-05-02T06:08:37.008Z] Checked if tokens are valid: true, expires at: 1746167487262
[debug] [2025-05-02T06:08:37.008Z] Checked if tokens are valid: true, expires at: 1746167487262
[debug] [2025-05-02T06:08:37.008Z] >>> [apiv2][query] POST https://serviceusage.googleapis.com/v1beta1/projects/615425120469/services/pubsub.googleapis.com:generateServiceIdentity [none]
[debug] [2025-05-02T06:08:37.009Z] >>> [apiv2][query] POST https://serviceusage.googleapis.com/v1beta1/projects/615425120469/services/eventarc.googleapis.com:generateServiceIdentity [none]
[debug] [2025-05-02T06:08:37.443Z] <<< [apiv2][status] POST https://serviceusage.googleapis.com/v1beta1/projects/615425120469/services/eventarc.googleapis.com:generateServiceIdentity 200
[debug] [2025-05-02T06:08:37.444Z] <<< [apiv2][body] POST https://serviceusage.googleapis.com/v1beta1/projects/615425120469/services/eventarc.googleapis.com:generateServiceIdentity {"name":"operations/finished.DONE_OPERATION","done":true,"response":{"@type":"type.googleapis.com/google.api.serviceusage.v1beta1.ServiceIdentity","email":"service-615425120469@gcp-sa-eventarc.iam.gserviceaccount.com","uniqueId":"100563888683721015448"}}
[debug] [2025-05-02T06:08:37.444Z] <<< [apiv2][status] POST https://serviceusage.googleapis.com/v1beta1/projects/615425120469/services/pubsub.googleapis.com:generateServiceIdentity 200
[debug] [2025-05-02T06:08:37.444Z] <<< [apiv2][body] POST https://serviceusage.googleapis.com/v1beta1/projects/615425120469/services/pubsub.googleapis.com:generateServiceIdentity {"name":"operations/finished.DONE_OPERATION","done":true,"response":{"@type":"type.googleapis.com/google.api.serviceusage.v1beta1.ServiceIdentity","email":"service-615425120469@gcp-sa-pubsub.iam.gserviceaccount.com","uniqueId":"113356699429227817267"}}
[debug] [2025-05-02T06:08:37.445Z] Checked if tokens are valid: true, expires at: 1746167487262
[debug] [2025-05-02T06:08:37.445Z] Checked if tokens are valid: true, expires at: 1746167487262
[debug] [2025-05-02T06:08:37.445Z] >>> [apiv2][query] GET https://cloudresourcemanager.googleapis.com/v1/projects/live-match---matchmaking [none]
[debug] [2025-05-02T06:08:37.555Z] <<< [apiv2][status] GET https://cloudresourcemanager.googleapis.com/v1/projects/live-match---matchmaking 200
[debug] [2025-05-02T06:08:37.555Z] <<< [apiv2][body] GET https://cloudresourcemanager.googleapis.com/v1/projects/live-match---matchmaking {"projectNumber":"615425120469","projectId":"live-match---matchmaking","lifecycleState":"ACTIVE","name":"LIVE Match - Matchmaking","labels":{"firebase":"enabled","firebase-core":"disabled"},"createTime":"2025-01-28T17:18:20.316292Z","parent":{"type":"organization","id":"74065209691"}}
[debug] [2025-05-02T06:08:37.557Z] Checked if tokens are valid: true, expires at: 1746167487262
[debug] [2025-05-02T06:08:37.557Z] Checked if tokens are valid: true, expires at: 1746167487262
[debug] [2025-05-02T06:08:37.557Z] >>> [apiv2][query] GET https://cloudbilling.googleapis.com/v1/projects/live-match---matchmaking/billingInfo [none]
[debug] [2025-05-02T06:08:37.964Z] <<< [apiv2][status] GET https://cloudbilling.googleapis.com/v1/projects/live-match---matchmaking/billingInfo 200
[debug] [2025-05-02T06:08:37.964Z] <<< [apiv2][body] GET https://cloudbilling.googleapis.com/v1/projects/live-match---matchmaking/billingInfo {"name":"projects/live-match---matchmaking/billingInfo","projectId":"live-match---matchmaking","billingAccountName":"billingAccounts/019E50-67AB21-9EAA1B","billingEnabled":true}
[debug] [2025-05-02T06:08:37.964Z] [functions] found 6 new HTTP functions, testing setIamPolicy permission...
[debug] [2025-05-02T06:08:37.965Z] Checked if tokens are valid: true, expires at: 1746167487262
[debug] [2025-05-02T06:08:37.965Z] Checked if tokens are valid: true, expires at: 1746167487262
[debug] [2025-05-02T06:08:37.965Z] >>> [apiv2][query] POST https://cloudresourcemanager.googleapis.com/v1/projects/live-match---matchmaking:testIamPermissions [none]
[debug] [2025-05-02T06:08:37.965Z] >>> [apiv2][(partial)header] POST https://cloudresourcemanager.googleapis.com/v1/projects/live-match---matchmaking:testIamPermissions x-goog-quota-user=projects/live-match---matchmaking
[debug] [2025-05-02T06:08:37.965Z] >>> [apiv2][body] POST https://cloudresourcemanager.googleapis.com/v1/projects/live-match---matchmaking:testIamPermissions {"permissions":["cloudfunctions.functions.setIamPolicy"]}
[debug] [2025-05-02T06:08:38.057Z] <<< [apiv2][status] POST https://cloudresourcemanager.googleapis.com/v1/projects/live-match---matchmaking:testIamPermissions 200
[debug] [2025-05-02T06:08:38.057Z] <<< [apiv2][body] POST https://cloudresourcemanager.googleapis.com/v1/projects/live-match---matchmaking:testIamPermissions {"permissions":["cloudfunctions.functions.setIamPolicy"]}
[debug] [2025-05-02T06:08:38.057Z] [functions] found setIamPolicy permission, proceeding with deploy
[debug] [2025-05-02T06:08:38.057Z] Checked if tokens are valid: true, expires at: 1746167487262
[debug] [2025-05-02T06:08:38.057Z] Checked if tokens are valid: true, expires at: 1746167487262
[debug] [2025-05-02T06:08:38.057Z] >>> [apiv2][query] POST https://cloudfunctions.googleapis.com/v2/projects/live-match---matchmaking/locations/us-central1/functions:generateUploadUrl [none]
[debug] [2025-05-02T06:08:38.486Z] <<< [apiv2][status] POST https://cloudfunctions.googleapis.com/v2/projects/live-match---matchmaking/locations/us-central1/functions:generateUploadUrl 200
[debug] [2025-05-02T06:08:38.486Z] <<< [apiv2][body] POST https://cloudfunctions.googleapis.com/v2/projects/live-match---matchmaking/locations/us-central1/functions:generateUploadUrl {"uploadUrl":"https://storage.googleapis.com/gcf-v2-uploads-615425120469.us-central1.cloudfunctions.appspot.com/866af328-5db6-4b1f-9a66-de133d89c0e0.zip?GoogleAccessId=service-615425120469@gcf-admin-robot.iam.gserviceaccount.com&Expires=1746167918&Signature=tofXhoI7nxvrKMGx%2FuOMhH2dFwe7k%2F5ST5lwMfGMOncwipGuUP9EdsBGKiVMkASYHYx4xDmS53UfkEvmtQvGX7uRil5I%2FCGfi0HhK0pqbTB0I0mBu95PQpIVBhHj%2FkPxjqfiC2wslZrGUMcEznfTUbKGkGclHKE9Yi7V%2F76FlOs4kPl4wkj0C25st4wdBQ2Qx%2FAiyd6W%2BzhhusT6fuUyl2GJdfTdtmvSGcwTzsiu5i5x5vsYcAfqPuBVMl9in91ZiyESlUs1L0VW%2BPTo9%2Be0dQw8LQfQlTPU%2FvB8rzce3XmKIIAU5XDktPOXu%2FFd0TSN47AVNtq8ewgYt1%2FkDkr31Q%3D%3D","storageSource":{"bucket":"gcf-v2-uploads-615425120469.us-central1.cloudfunctions.appspot.com","object":"866af328-5db6-4b1f-9a66-de133d89c0e0.zip"}}
[debug] [2025-05-02T06:08:38.486Z] >>> [apiv2][query] PUT https://storage.googleapis.com/gcf-v2-uploads-615425120469.us-central1.cloudfunctions.appspot.com/866af328-5db6-4b1f-9a66-de133d89c0e0.zip GoogleAccessId=service-615425120469%40gcf-admin-robot.iam.gserviceaccount.com&Expires=1746167918&Signature=tofXhoI7nxvrKMGx%2FuOMhH2dFwe7k%2F5ST5lwMfGMOncwipGuUP9EdsBGKiVMkASYHYx4xDmS53UfkEvmtQvGX7uRil5I%2FCGfi0HhK0pqbTB0I0mBu95PQpIVBhHj%2FkPxjqfiC2wslZrGUMcEznfTUbKGkGclHKE9Yi7V%2F76FlOs4kPl4wkj0C25st4wdBQ2Qx%2FAiyd6W%2BzhhusT6fuUyl2GJdfTdtmvSGcwTzsiu5i5x5vsYcAfqPuBVMl9in91ZiyESlUs1L0VW%2BPTo9%2Be0dQw8LQfQlTPU%2FvB8rzce3XmKIIAU5XDktPOXu%2FFd0TSN47AVNtq8ewgYt1%2FkDkr31Q%3D%3D
[debug] [2025-05-02T06:08:38.486Z] >>> [apiv2][body] PUT https://storage.googleapis.com/gcf-v2-uploads-615425120469.us-central1.cloudfunctions.appspot.com/866af328-5db6-4b1f-9a66-de133d89c0e0.zip [stream]
[debug] [2025-05-02T06:08:39.010Z] <<< [apiv2][status] PUT https://storage.googleapis.com/gcf-v2-uploads-615425120469.us-central1.cloudfunctions.appspot.com/866af328-5db6-4b1f-9a66-de133d89c0e0.zip 200
[debug] [2025-05-02T06:08:39.010Z] <<< [apiv2][body] PUT https://storage.googleapis.com/gcf-v2-uploads-615425120469.us-central1.cloudfunctions.appspot.com/866af328-5db6-4b1f-9a66-de133d89c0e0.zip [omitted]
[info] ✔  functions: functions folder uploaded successfully 
[info] 
The following functions are found in your project but do not exist in your local source code:
	api(us-central1)

If you are renaming a function or changing its region, it is recommended that you create the new function first before deleting the old one to prevent event loss. For more info, visit https://firebase.google.com/docs/functions/manage-functions#modify

