[debug] [2025-05-02T04:40:57.293Z] ----------------------------------------------------------------------
[debug] [2025-05-02T04:40:57.294Z] Command:       /opt/homebrew/Cellar/node/23.10.0_1/bin/node /Users/junior/.npm-global/bin/firebase init hosting
[debug] [2025-05-02T04:40:57.295Z] CLI Version:   14.2.2
[debug] [2025-05-02T04:40:57.295Z] Platform:      darwin
[debug] [2025-05-02T04:40:57.295Z] Node Version:  v23.10.0
[debug] [2025-05-02T04:40:57.295Z] Time:          Fri May 02 2025 00:40:57 GMT-0400 (Eastern Daylight Time)
[debug] [2025-05-02T04:40:57.295Z] ----------------------------------------------------------------------
[debug] 
[debug] [2025-05-02T04:40:57.296Z] >>> [apiv2][query] GET https://firebase-public.firebaseio.com/cli.json [none]
[debug] [2025-05-02T04:40:57.370Z] > command requires scopes: ["email","openid","https://www.googleapis.com/auth/cloudplatformprojects.readonly","https://www.googleapis.com/auth/firebase","https://www.googleapis.com/auth/cloud-platform"]
[debug] [2025-05-02T04:40:57.370Z] > authorizing via signed-in user (kdoyle@infinitumimagery.com)
[info] 
     ######## #### ########  ######## ########     ###     ######  ########
     ##        ##  ##     ## ##       ##     ##  ##   ##  ##       ##
     ######    ##  ########  ######   ########  #########  ######  ######
     ##        ##  ##    ##  ##       ##     ## ##     ##       ## ##
     ##       #### ##     ## ######## ########  ##     ##  ######  ########

You're about to initialize a Firebase project in this directory:

  /Users/junior/Desktop/Coding/LiveMatchScheduling

Before we get started, keep in mind:

  * You are initializing within an existing Firebase project directory

[info] 
=== Project Setup
[info] 
[info] First, let's associate this project directory with a Firebase project.
[info] You can create multiple project aliases by running firebase use --add, 
[info] but for now we'll just set up a default project.
[info] 
[debug] [2025-05-02T04:40:57.371Z] Using project from CLI flag: livematchscheduling
[debug] [2025-05-02T04:40:57.371Z] Checked if tokens are valid: false, expires at: 1743225278774
[debug] [2025-05-02T04:40:57.371Z] Checked if tokens are valid: false, expires at: 1743225278774
[debug] [2025-05-02T04:40:57.371Z] > refreshing access token with scopes: []
[debug] [2025-05-02T04:40:57.372Z] >>> [apiv2][query] POST https://www.googleapis.com/oauth2/v3/token [none]
[debug] [2025-05-02T04:40:57.372Z] >>> [apiv2][body] POST https://www.googleapis.com/oauth2/v3/token [omitted]
[debug] [2025-05-02T04:40:57.666Z] <<< [apiv2][status] GET https://firebase-public.firebaseio.com/cli.json 200
[debug] [2025-05-02T04:40:57.667Z] <<< [apiv2][body] GET https://firebase-public.firebaseio.com/cli.json {"cloudBuildErrorAfter":1594252800000,"cloudBuildWarnAfter":1590019200000,"defaultNode10After":1594252800000,"minVersion":"3.0.5","node8DeploysDisabledAfter":1613390400000,"node8RuntimeDisabledAfter":1615809600000,"node8WarnAfter":1600128000000}
[debug] [2025-05-02T04:40:57.682Z] <<< [apiv2][status] POST https://www.googleapis.com/oauth2/v3/token 200
[debug] [2025-05-02T04:40:57.682Z] <<< [apiv2][body] POST https://www.googleapis.com/oauth2/v3/token [omitted]
[debug] [2025-05-02T04:40:57.693Z] >>> [apiv2][query] GET https://firebase.googleapis.com/v1beta1/projects/livematchscheduling [none]
[debug] [2025-05-02T04:40:58.019Z] <<< [apiv2][status] GET https://firebase.googleapis.com/v1beta1/projects/livematchscheduling 403
[debug] [2025-05-02T04:40:58.019Z] <<< [apiv2][body] GET https://firebase.googleapis.com/v1beta1/projects/livematchscheduling {"error":{"code":403,"message":"The caller does not have permission","status":"PERMISSION_DENIED"}}
[debug] [2025-05-02T04:40:58.020Z] Request to https://firebase.googleapis.com/v1beta1/projects/livematchscheduling had HTTP Error: 403, The caller does not have permission
[debug] [2025-05-02T04:40:58.317Z] FirebaseError: Request to https://firebase.googleapis.com/v1beta1/projects/livematchscheduling had HTTP Error: 403, The caller does not have permission
    at responseToError (/Users/junior/.npm-global/lib/node_modules/firebase-tools/lib/responseToError.js:52:12)
    at RetryOperation._fn (/Users/junior/.npm-global/lib/node_modules/firebase-tools/lib/apiv2.js:312:77)
    at process.processTicksAndRejections (node:internal/process/task_queues:105:5)
[error] 
[error] Error: Failed to get Firebase project livematchscheduling. Please make sure the project exists and your account has permission to access it.
